[02:03:36] [ServerMain/INFO]: [bootstrap] Running Java 21 (OpenJDK 64-Bit Server VM 21.0.7+6-Ubuntu-0ubuntu120.04; Ubuntu null) on Linux 6.8.0-1027-azure (amd64)
[02:03:36] [ServerMain/INFO]: [bootstrap] Loading Paper 1.21-130-master@b1b5d4c (2024-08-10T10:02:42Z) for Minecraft 1.21
[02:03:36] [ServerMain/INFO]: [PluginInitializerManager] Initializing plugins...
[02:03:37] [ServerMain/INFO]: [PluginInitializerManager] Initialized 4 plugins
[02:03:37] [ServerMain/INFO]: [PluginInitializerManager] Bukkit plugins (4):
 - InfernalMobs (6.8), SkinsRestorer (15.7.1), SleepFixer (2.1.0), UltimateHomes (3.1)
[02:03:42] [ServerMain/INFO]: Environment: Environment[sessionHost=https://sessionserver.mojang.com, servicesHost=https://api.minecraftservices.com, name=PROD]
[02:03:44] [ServerMain/INFO]: Loaded 1290 recipes
[02:03:44] [ServerMain/INFO]: Loaded 1399 advancements
[02:03:44] [Server thread/INFO]: Starting minecraft server version 1.21
[02:03:44] [Server thread/INFO]: Loading properties
[02:03:45] [Server thread/INFO]: This server is running Paper version 1.21-130-master@b1b5d4c (2024-08-10T10:02:42Z) (Implementing API version 1.21-R0.1-SNAPSHOT)
[02:03:46] [Server thread/INFO]: [spark] This server bundles the spark profiler. For more information please visit https://docs.papermc.io/paper/profiling
[02:03:46] [Server thread/INFO]: Server Ping Player Sample Count: 12
[02:03:46] [Server thread/INFO]: Using 4 threads for Netty based IO
[02:03:47] [Server thread/INFO]: [ChunkTaskScheduler] Chunk system is using 1 I/O threads, 1 worker threads, and population gen parallelism of 1 threads
[02:03:47] [Server thread/INFO]: Default game type: SURVIVAL
[02:03:47] [Server thread/INFO]: Generating keypair
[02:03:47] [Server thread/INFO]: Starting Minecraft server on *:25565
[02:03:47] [Server thread/INFO]: Using epoll channel type
[02:03:47] [Server thread/INFO]: Paper: Using libdeflate (Linux x86_64) compression from Velocity.
[02:03:47] [Server thread/INFO]: Paper: Using OpenSSL 1.1.x (Linux x86_64) cipher from Velocity.
[02:03:48] [Server thread/INFO]: [InfernalMobs] Loading server plugin InfernalMobs v6.8
[02:03:48] [Server thread/INFO]: [SkinsRestorer] Loading server plugin SkinsRestorer v15.7.1
[02:03:48] [Server thread/INFO]: [SleepFixer] Loading server plugin SleepFixer v2.1.0
[02:03:48] [Server thread/INFO]: [UltimateHomes] Loading server plugin UltimateHomes v3.1
[02:03:48] [Server thread/INFO]: Server permissions file permissions.yml is empty, ignoring it
[02:03:48] [Server thread/INFO]: [SkinsRestorer] Enabling SkinsRestorer v15.7.1
[02:03:52] [Server thread/INFO]: [SkinsRestorer] Running on Minecraft 1.21.0.
[02:03:53] [Server thread/INFO]: [SkinsRestorer] Using paper join listener!
[02:03:53] [Server thread/INFO]: [SleepFixer] Enabling SleepFixer v2.1.0
[02:03:53] [Server thread/INFO]: [SleepFixer] Start-up complete (took 37.0ms).
[02:03:53] [Server thread/WARN]: **** SERVER IS RUNNING IN OFFLINE/INSECURE MODE!
[02:03:53] [Server thread/WARN]: The server will make no attempt to authenticate usernames. Beware.
[02:03:53] [Server thread/WARN]: While this makes the game possible to play without internet access, it also opens up the ability for hackers to connect with any username they choose.
[02:03:53] [Server thread/WARN]: To change this, set "online-mode" to "true" in the server.properties file.
[02:03:53] [Server thread/INFO]: Preparing level "world"
[02:03:53] [Folia Async Scheduler Thread #1/INFO]: [SkinsRestorer] ----------------------------------------------
[02:03:53] [Folia Async Scheduler Thread #1/INFO]: [SkinsRestorer]     +==================+
[02:03:53] [Folia Async Scheduler Thread #1/INFO]: [SkinsRestorer]     |   SkinsRestorer  |
[02:03:53] [Folia Async Scheduler Thread #1/INFO]: [SkinsRestorer]     |------------------|
[02:03:53] [Folia Async Scheduler Thread #1/INFO]: [SkinsRestorer]     |  Standalone Mode |
[02:03:53] [Folia Async Scheduler Thread #1/INFO]: [SkinsRestorer]     +==================+
[02:03:53] [Folia Async Scheduler Thread #1/INFO]: [SkinsRestorer] ----------------------------------------------
[02:03:53] [Folia Async Scheduler Thread #1/INFO]: [SkinsRestorer]     Version: 15.7.1
[02:03:53] [Folia Async Scheduler Thread #1/INFO]: [SkinsRestorer]     Commit: f77fbd4
[02:03:53] [Folia Async Scheduler Thread #1/INFO]: [SkinsRestorer]     This is the latest version!
[02:03:53] [Folia Async Scheduler Thread #1/INFO]: [SkinsRestorer] ----------------------------------------------
[02:03:53] [Folia Async Scheduler Thread #1/INFO]: [SkinsRestorer] Do you have issues? Read our troubleshooting guide: https://skinsrestorer.net/docs/troubleshooting
[02:03:53] [Folia Async Scheduler Thread #1/INFO]: [SkinsRestorer] Want to support SkinsRestorer? Consider donating: https://skinsrestorer.net/donate
[02:03:54] [Server thread/INFO]: Preparing start region for dimension minecraft:overworld
[02:03:56] [Server thread/INFO]: Time elapsed: 1543 ms
[02:03:56] [Server thread/INFO]: Preparing start region for dimension minecraft:the_nether
[02:03:56] [Server thread/INFO]: Time elapsed: 251 ms
[02:03:56] [Server thread/INFO]: Preparing start region for dimension minecraft:the_end
[02:03:56] [Server thread/INFO]: Time elapsed: 145 ms
[02:03:56] [Server thread/INFO]: [InfernalMobs] Enabling InfernalMobs v6.8
[02:03:56] [Server thread/INFO]: [InfernalMobs] Registered Events.
[02:03:57] [Server thread/INFO]: [UltimateHomes] Enabling UltimateHomes v3.1
[02:03:57] [Server thread/INFO]: 
[02:03:57] [Server thread/INFO]: --------------------------------------
[02:03:57] [Server thread/INFO]:        UltimateHomes by kixmc
[02:03:57] [Server thread/INFO]:        Enabled on version 3.1
[02:03:57] [Server thread/INFO]: --------------------------------------
[02:03:57] [Server thread/INFO]:  
[02:03:57] [Server thread/INFO]: [spark] Starting background profiler...
[02:03:58] [Server thread/INFO]: Done preparing level "world" (4.156s)
[02:03:58] [Server thread/INFO]: Running delayed init tasks
[02:03:58] [Server thread/INFO]: Done (22.942s)! For help, type "help"
[02:03:58] [Server thread/INFO]: Timings Reset
